[FnF-backfill] 12:08:09 registry: 100 launches
[FnF-backfill] 12:08:10 registry: 200 launches
[FnF-backfill] 12:08:10 registry: 300 launches
[FnF-backfill] 12:08:10 registry: 400 launches
[FnF-backfill] 12:08:11 head 117431892, 339 launches need cohorts, window=909 blocks
[FnF-backfill] 12:08:27 saved 25 new cohorts (total 105)
[FnF-backfill] 12:08:42 saved 50 new cohorts (total 130)
[FnF-backfill] 12:08:58 saved 75 new cohorts (total 155)
[FnF-backfill] 12:09:13 saved 100 new cohorts (total 180)
[FnF-backfill] 12:09:28 saved 125 new cohorts (total 205)
[FnF-backfill] 12:09:44 saved 150 new cohorts (total 230)
[FnF-backfill] 12:10:00 saved 175 new cohorts (total 255)
[FnF-backfill] 12:10:16 saved 200 new cohorts (total 280)
[FnF-backfill] 12:10:31 saved 225 new cohorts (total 305)
[FnF-backfill] 12:10:47 saved 250 new cohorts (total 330)
[FnF-backfill] 12:11:02 saved 275 new cohorts (total 355)
[FnF-backfill] 12:11:17 saved 300 new cohorts (total 380)
[FnF-backfill] 12:11:33 #41162 creation block not found
[FnF-backfill] 12:11:34 #41163 creation block not found
[FnF-backfill] 12:11:35 #41164 creation block not found
[FnF-backfill] 12:11:37 #41165 creation block not found
[FnF-backfill] 12:11:38 #41166 creation block not found
[FnF-backfill] 12:11:39 #41167 creation block not found
[FnF-backfill] 12:11:41 #41168 creation block not found
[FnF-backfill] 12:11:42 #41169 creation block not found
[FnF-backfill] 12:11:43 #41170 creation block not found
[FnF-backfill] 12:11:44 #41171 creation block not found
[FnF-backfill] 12:11:45 #41172 creation block not found
[FnF-backfill] 12:11:47 #41173 creation block not found
[FnF-backfill] 12:11:48 #41174 creation block not found
[FnF-backfill] 12:11:49 #41175 creation block not found
[FnF-backfill] 12:11:50 #41176 creation block not found
[FnF-backfill] 12:11:51 #41177 creation block not found
[FnF-backfill] 12:11:51 DONE. 403 launches, 79 non-empty early cohorts, 0 graduated
[FnF-backfill] 12:13:38 registry: 100 launches
[FnF-backfill] 12:13:39 registry: 200 launches
[FnF-backfill] 12:13:39 registry: 300 launches
[FnF-backfill] 12:13:40 registry: 400 launches
[FnF-backfill] 12:13:41 registry: 100 launches
[FnF-backfill] 12:13:41 registry: 200 launches
[FnF-backfill] 12:13:42 registry: 300 launches
[FnF-backfill] 12:13:42 registry: 400 launches
[FnF-backfill] 12:13:42 graduated registry: 400
[FnF-backfill] 12:13:43 head 117434497, 437 launches need cohorts, window=909 blocks
[FnF-backfill] 12:13:58 saved 25 new cohorts (total 428)
[FnF-backfill] 12:14:14 saved 50 new cohorts (total 453)
[FnF-backfill] 12:14:30 saved 75 new cohorts (total 478)
[FnF-backfill] 12:14:46 saved 100 new cohorts (total 503)
[FnF-backfill] 12:15:02 saved 125 new cohorts (total 528)
[FnF-backfill] 12:15:18 saved 150 new cohorts (total 553)
[FnF-backfill] 12:15:34 saved 175 new cohorts (total 578)
[FnF-backfill] 12:15:50 saved 200 new cohorts (total 603)
[FnF-backfill] 12:16:05 saved 225 new cohorts (total 628)
[FnF-backfill] 12:16:21 saved 250 new cohorts (total 653)
[FnF-backfill] 12:16:37 saved 275 new cohorts (total 678)
[FnF-backfill] 12:16:52 saved 300 new cohorts (total 703)
[FnF-backfill] 12:17:06 saved 325 new cohorts (total 728)
[FnF-backfill] 12:17:16 saved 350 new cohorts (total 753)
[FnF-backfill] 12:17:27 saved 375 new cohorts (total 778)
[FnF-backfill] 12:17:37 saved 400 new cohorts (total 803)
[FnF-backfill] 12:17:44 #18754 creation block not found
[FnF-backfill] 12:17:45 #19169 creation block not found
[FnF-backfill] 12:17:46 #31714 creation block not found
[FnF-backfill] 12:17:48 #34580 creation block not found
[FnF-backfill] 12:17:49 #34604 creation block not found
[FnF-backfill] 12:17:50 #41162 creation block not found
[FnF-backfill] 12:17:51 #41163 creation block not found
[FnF-backfill] 12:17:53 #41164 creation block not found
[FnF-backfill] 12:17:54 #41165 creation block not found
[FnF-backfill] 12:17:55 #41166 creation block not found
[FnF-backfill] 12:17:56 #41167 creation block not found
[FnF-backfill] 12:17:57 #41168 creation block not found
[FnF-backfill] 12:17:59 #41169 creation block not found
[FnF-backfill] 12:18:00 #41170 creation block not found
[FnF-backfill] 12:18:01 #41171 creation block not found
[FnF-backfill] 12:18:03 #41172 creation block not found
[FnF-backfill] 12:18:04 #41173 creation block not found
[FnF-backfill] 12:18:05 #41174 creation block not found
[FnF-backfill] 12:18:06 #41175 creation block not found
[FnF-backfill] 12:18:07 #41176 creation block not found
[FnF-backfill] 12:18:09 #41177 creation block not found
[FnF-backfill] 12:18:10 #41178 creation block not found
[FnF-backfill] 12:18:11 #41179 creation block not found
[FnF-backfill] 12:18:13 #41180 creation block not found
[FnF-backfill] 12:18:13 DONE. 816 launches, 452 non-empty early cohorts, 395 graduated
